"a                            1
"there                        2
#ecrchat                      4
#faretheewell                 4
#gratefuldead                 2
#greece                       2
#greek                        2
#poldarkpbs                   3
#protip                       1
#ttip?                        2
&amp;                         3
'@newton_jim                  1
'no'                          4
'sobering                     4
(http://t.co/3wzb8ijrgy)      3
-                             2
1                             1
2                             2
3                             2
60%                           2
@apentertainment:             1
@masterpiecepbs:              2
@newshour                     2
about                         5
academia                      3
ago                           4
all                           4
always                        2
american                      2
analysts                      2
and                           1
appeared                      2
are                           4
as                            1
at                            3
attenborough                  3
attendance                    1
bailout                       6
book                          4
buzzworthy                    2
by                            2
can                           2
captain                       1
catch                         1
celebrate,                    5
concerns                      3
conchita                      6
continent's                   1
contribution                  1
could                         3
country's                     3
creditors                     3
crisis,                       3
cup                           3
cuts                          4
david                         1
davis                         1
deal                          3
debt                          4
decisively                    3
deep                          4
dive                          4
do                            3
don't                         2
environment":                 2
ep.                           2
europe                        4
exception."                   4
experienced                   2
explained                     1
explore                       4
field                         6
financial                     2
flexible                      3
galaxies                      3
good                          1
greece's                      1
greek                         3
happens                       4
has                           3
have                          1
his                           4
http://t.co/0scx2l1v2e        1
http://t.co/2gh0kkrv8x        3
http://t.co/5tlp1mw8gc        2
http://t.co/60i7eyzpcn        1
http://t.co/7hwrx4rv1v        2
http://t.co/dwliezhov2        1
http://t.co/ewgjahqlfr        4
http://t.co/fcaqebpxac        3
http://t.co/fwsoj7rnah        1
http://t.co/gnkqrsspl5        1
http://t.co/hkwa48vz35        1
http://t.co/nqina1wvsx        3
http://t.co/oin4acyb15        1
http://t.co/rm00mlimky        1
http://t.co/rqco3xyb7o        1
http://t.co/rqx9cl78v5        1
http://t.co/rwxugdqiez        2
http://t.co/yppcg2io2z        3
http://t.co/yvrcfq8ahs        1
http://t.co/zcuw6uaib3        3
i                             1
in                            1
influence                     2
interior                      4
international                 2
into                          4
is                            3
issues                        4
jerry                         2
latest                        2
let                           4
like                          4
likely                        3
live                          5
machine'                      4
martinez                      1
ministry                      1
miss                          2
more                          3
morning.                      2
narrative?                    4
next                          3
no                            3
now                           1
of                            3
offered                       1
on                            3
our                           2
out                           5
outcome                       6
overwhelming                  2
potential                     3
problems                      1
producer                      2
projects                      3
queries                       1
questions                     4
rails                         1
react                         1
records                       2
redefine                      2
referendum                    2
referendum:                   3
reins                         1
resolved:                     3
rest                          3
results                       1
rt                            2
said                          7
seize                         2
set                           2
shake                         1
share                         1
six                           1
society':                     4
soldier                       3
something                     1
spanish                       2
stability                     1
stahl                         1
still                         4
stream                        2
study                         3
take                          3
than                          3
the                           1
there                         4
things.                       3
this                          3
to                            5
tonight's                     4
two                           4
up                            1
validating                    3
via                           2
views                         1
vote                          3
vr                            4
weeks                         2
what                          1
who                           4
with                          2
work                          1
you                           1
