"a                            10
"there                        5
#ecrchat                      5
#faretheewell                 9
#gratefuldead                 9
#greece                       3
#greek                        14
#poldarkpbs                   3
#protip                       3
#ttip?                        4
&amp;                         3
'@newton_jim                  4
'no'                          7
'sobering                     4
'the                          4
(http://t.co/3wzb8ijrgy)      3
-                             3
1                             3
2                             3
3                             3
60%                           3
@apentertainment:             9
@coderwall                    3
@guardian_sport               1
@guardianwitness              4
@masterpiecepbs:              3
@newshour                     4
a                             11
about                         7
academia                      5
ago                           4
all                           10
always                        10
american                      4
analysts                      14
and                           15
apologies                     5
appeared                      4
are                           10
as                            1
at                            9
attenborough                  4
attendance                    9
bailout                       10
bbc                           5
book                          10
but                           5
buzzworthy                    3
by                            4
can                           5
captain                       1
catch                         3
celebrate,                    10
chicago's                     9
concerns                      4
conchita                      1
continent's                   1
contribution                  4
could                         1
country's                     4
creditors                     4
crisis,                       4
cup                           1
cuts                          5
david                         4
davis                         1
deal                          7
debt                          4
decisively                    4
deep                          4
dive                          4
do                            4
don't                         3
environment":                 5
ep.                           9
europe                        1
exception."                   10
experienced                   5
explained                     4
explore                       8
field                         9
financial                     15
flexible                      5
galaxies                      8
good                          5
government                    3
greece's                      8
greek                         14
happens                       3
has                           8
have                          4
his                           10
http://t.co/0scx2l1v2e        4
http://t.co/2gh0kkrv8x        4
http://t.co/5tlp1mw8gc        4
http://t.co/60i7eyzpcn        4
http://t.co/7hwrx4rv1v        3
http://t.co/dwliezhov2        3
http://t.co/ewgjahqlfr        4
http://t.co/fcaqebpxac        1
http://t.co/fwsoj7rnah        5
http://t.co/gnkqrsspl5        4
http://t.co/hkwa48vz35        5
http://t.co/ksqjqkczbh        4
http://t.co/nqina1wvsx        3
http://t.co/oin4acyb15        3
http://t.co/rm00mlimky        14
http://t.co/rqco3xyb7o        5
http://t.co/rqx9cl78v5        4
http://t.co/rwxugdqiez        10
http://t.co/smczrhbqv7        3
http://t.co/yppcg2io2z        9
http://t.co/yvrcfq8ahs        8
http://t.co/zcuw6uaib3        1
i                             5
in                            9
influence                     4
interior                      3
international                 3
into                          4
is                            20
issues                        5
jerry                         10
latest                        10
let                           5
like                          5
likely                        4
live                          5
machine'                      4
martinez                      1
ministry                      3
miss                          3
more                          3
morning.                      5
narrative?                    5
new                           10
next                          3
no                            13
now                           5
of                            14
offered                       4
on                            13
our                           5
out                           3
outcome                       1
overwhelming                  3
place                         1
potential                     4
power                         4
problems                      10
producer                      4
projects                      6
queries                       3
questions                     3
radio                         5
rails                         3
react                         14
records                       9
redefine                      1
referendum                    19
referendum:                   3
reins                         1
reject                        4
resolved:                     5
rest                          3
results                       14
rt                            12
said                          3
samsung                       8
seize                         5
set                           9
shake                         1
share                         4
shows                         9
six                           3
society':                     4
soldier                       9
something                     10
spanish                       1
stability                     1
stahl                         10
still                         8
stream                        5
study                         4
take                          1
than                          3
that                          3
the                           40
there                         5
things.                       5
this                          5
to                            49
tonight's                     3
two                           4
up                            4
validating                    3
via                           12
views                         4
vote                          7
voters                        7
vr                            4
weeks                         4
what                          3
who                           5
with                          13
work                          5
you                           4
your                          4
